{
  "compact bar 0%": "[                       0%]",
  "compact bar 25%": "[█████                 25%]",
  "compact bar 50%": "[██████████            50%]",
  "compact bar 75%": "[███████████████       75%]",
  "compact bar 90%": "[██████████████████    90%]",
  "compact bar 100%": "[████████████████████ 100%]",
  "compact bar w10": "[██▌         25%]",
  "compact bar w20": "[█████                 25%]",
  "compact bar w30": "[███████▌                        25%]",
  "compact bar 100 tok": "[                  0%]",
  "compact bar 195k tok": "[██████████████▋  98%]",
  "status bar basic": "DeepSeek V4 Flash | default |…  15,000 tok | $0.1234 | turn 3  [█▏          12%]\n",
  "status bar basic raw": "\u001b[7mDeepSeek V4 Flash | default |…  15,000 tok | $0.1234 | turn 3  [\u001b[1m\u001b[38;5;114m█▏        \u001b[39m\u001b[22m  12%]\u001b[0m\n",
  "status bar no cost": "Claude Sonnet 4.6 | chat | global                       0 tok | $0.0000 | turn 0\n",
  "status bar w40": "deepseek-…  50,000 tok | $0.5678 | turn 12\n",
  "status bar w60": "deepseek-v4-flash | deep | …  50,000 tok | $0.5678 | turn 12\n",
  "status bar failed bg": " Claude Opus 4.8 | plan | big-project \u001b[38;5;18…           250,000 tok | $1.2345 | turn 7  [████████████ 100%] \n",
  "chat user": "  You      Hello Babel, can you help me refactor this code?",
  "chat assistant plain": "  Babel    Sure, I can help you refactor that code. Please share the current\n         implementation.",
  "chat assistant markdown": "  Babel    Here is how you refactor: const x = 1; Let me know if you need more help.",
  "chat assistant markdown raw": "  \u001b[1m\u001b[38;5;183mBabel  \u001b[39m\u001b[22m  Here is how you refactor: \u001b[34mconst\u001b[0m x = 1; Let me know if you need more help.",
  "chat tool result": "  You      [Tool Result] read src/foo.ts export function hello(): void {\n         console.log(\"world\"); } exit code: 0",
  "chat empty": "  Babel  (empty turn)",
  "confirm dialog danger": "┌────────────────────── Confirm Delete ──────────────────────┐\n│Delete file src/old.ts?                                     │\n│This cannot be undone.                                      │\n│Are you sure?                                               │\n│The file will be moved to trash.                            │\n│                                                            │\n│   Delete    Cancel   (Enter=select  arrows=switch  Esc=can…│\n└────────────────────────────────────────────────────────────┘",
  "select dialog": "┌────────────────────── Select Action ───────────────────────┐\n│Select an action:                                           │\n│1. Run tests                                                │\n│2. Build project                                            │\n│3. Deploy to prod                                           │\n│4. Cancel                                                   │\n│                                                            │\n│›  Run tests                                                │\n│   Build project                                            │\n│   Deploy to prod                                           │\n│   Cancel                                                   │\n│                                                            │\n│Enter=select  arrows=navigate  Esc=cancel                   │\n└────────────────────────────────────────────────────────────┘",
  "permission dialog write": "┌────────────────── [WRITE] Approve Write ───────────────────┐\n│  Path: src/new-file.ts                                     │\n│                                                            │\n│  Lines: 5                                                  │\n│  Size: 120 bytes                                           │\n│                                                            │\n│  ── Preview ──                                             │\n│  export function hello(): void {                           │\n│    console.log(\"world\");                                   │\n│  }                                                         │\n│                                                            │\n│   Approve    Deny   (Enter=select  arrows=switch)          │\n└────────────────────────────────────────────────────────────┘",
  "badge PASS": "[PASS]",
  "badge FAIL": "[FAIL]",
  "badge ACTIVE": "[ACTIVE]",
  "badge BLOCKED": "[BLOCKED]",
  "badge PENDING": "[PENDING]"
}
