{
  "user:short": "  You    what is this repo?",
  "user:multiline": "  You    line one\n         line two",
  "user:long-wrap": "  You    word word word word word word word word word word word word word word\n         word word word word word word word word word word word word word word\n         word word word word word word word word word word word word",
  "user:empty": "  You    ",
  "user:emoji": "  You    Summarize 🚀 the chat engine changes",
  "user:url-heavy": "  You    See https://example.com/docs/architecture for details",
  "user:narrow-w40": "  You    Please explain how chatCore\n         unifies CLI and REPL paths.",
  "user:wide-w120": "  You    Short question about history cells.",
  "assistant:short": "  Babel  A prompt operating system.",
  "assistant:bold-italic": "  Babel  Use chat mode and streaming for daily work.",
  "assistant:inline-code": "  Babel  Edit src/ui/waterfall.ts and run tests.",
  "assistant:code-fence": "  Babel  export function hello(): void {\n         console.log(\"hi\");\n         }",
  "assistant:bullet-list": "  Babel  · Phase A unified chat\n         · Phase B adds history cells\n         · Phase C composer",
  "assistant:numbered-list": "  Babel  1. Read the roadmap\n         2. Implement B3\n         3. Ship snapshots",
  "assistant:blockquote": "  Babel  │ Competitive foundations require snapshot contracts.",
  "assistant:link": "  Babel  Read the reference (../docs/TUI_COMPETITIVE_REFERENCE.md).",
  "assistant:table": "  Babel  │ Phase │ Task        │\n         ├───────┼─────────────┤\n         │ B1    │ HistoryCell │\n         │ B3    │ Snapshots   │",
  "assistant:multi-paragraph": "  Babel  First paragraph.\n         \n         Second paragraph with more detail.",
  "assistant:empty": "  Babel  ",
  "assistant:narrow-w40": "  Babel  This answer should wrap\n         aggressively at forty columns.",
  "assistant:medium-w60": "  Babel  Medium width wrap check for assistant markdown\n         rendering.",
  "assistant:wide-w120": "  Babel  Wide terminal keeps short answers on one line.",
  "tool:completed:read_file": "  ✓ Reading src/agent/chatEngine.ts (ok)",
  "tool:completed:list_dir": "  ✓ Listing src/ui/historyCells (ok)",
  "tool:completed:write_file": "  ✓ Editing src/ui/historyCells/transcript.ts (ok)",
  "tool:completed:grep": "  ✓ Searching HistoryTranscript (ok)",
  "tool:completed:glob": "  ✓ Finding **/*.test.ts (ok)",
  "tool:completed:run_command": "  ✓ Running npm test (ok)",
  "tool:completed:apply_patch": "  ✓ Patching chatCore.ts (ok)",
  "tool:completed:web_search": "  ✓ Searching web babel cli tui competitive (ok)",
  "tool:completed:web_fetch": "  ✓ Fetching https://example.com/api/docs (ok)",
  "tool:completed:sub_agent": "  ✓ Investigating audit streaming renderer (ok)",
  "tool:completed:finish": "  ✓ Complete task complete (ok)",
  "tool:completed:file_read": "  ✓ Reading src/index.ts (ok)",
  "tool:completed:directory_list": "  ✓ Listing src/ui (ok)",
  "tool:completed:semantic_search": "  ✓ Searching virtual scroll viewport (ok)",
  "tool:completed:file_write": "  ✓ Editing babel-cli/CLAUDE.md (ok)",
  "tool:completed:shell_exec": "  ✓ Running npm run build (ok)",
  "tool:completed:test_run": "  ✓ Testing src/ui/historyCells (ok)",
  "tool:completed:verifier": "  ✓ Verifying transcript.jsonl (ok)",
  "tool:completed:mcp_request": "  ✓ Calling context7/get-library-docs (ok)",
  "tool:status:running-active": "  … Reading src/index.ts",
  "tool:status:completed-detail": "  ✓ Reading src/index.ts (1.2 KB)",
  "tool:status:failed-exit": "  ✗ Running npm test (exit 1)",
  "tool:status:cancelled": "  ✗ Running npm test",
  "tool:status:long-target-truncated": "  ✓ Reading src/interactive/execution/chatCore.integration.… (4 KB)",
  "tool:status:web-search-running": "  … Searching web codex history cell snapshots",
  "tool:status:sub-agent-completed": "  ✓ Investigating competitive audit (3 findings)",
  "tool:status:mcp-failed": "  ✗ Calling server/tool (timeout)",
  "tool:status:narrow-w40": "  ✓ Searching HistoryCell (12 matches)",
  "tool:transcript:file-read": "$ file_read README.md → ok (4 KB)",
  "tool:transcript:shell-exec": "$ shell_exec npm test → ok (exit 0)",
  "tool:transcript:web-fetch": "$ web_fetch https://example.com → ok (200)",
  "tool:transcript:grep": "$ grep HistoryTranscript → ok (8 matches)",
  "tool:transcript:failed": "$ run_command npm run build → failed (exit 2)",
  "thinking:default-active": "  Thinking…",
  "thinking:custom-text": "  Analyzing imports…",
  "thinking:committed": "  Done thinking.",
  "separator:turn": "  ────────────────────────────────────────",
  "separator:section-labeled": "  Earlier messages\n  ────────────────────────────────────────",
  "separator:unseen-one": "  ─  ↓ 1 new message  ─  ",
  "separator:unseen-many": "  ─  ↓ 12 new messages  ─  ",
  "plain:single-line": "Note: compaction truncated older turns.",
  "plain:multiline": "Warning: context limit reached.\nOlder turns were truncated.",
  "session:full": "Babel Chat\n  mode=chat · model=auto · feat/dag-workflow-engine",
  "session:title-only": "Babel",
  "composite:exchange": "  You    explain chatCore.ts\n\n  Babel  It unifies CLI and REPL chat through ChatEngine.",
  "composite:tool-heavy": "  You    fix the failing test\n\n  ✓ Reading src/ui/waterfall.ts (12 KB)\n\n  ✓ Running npm test (exit 0)\n\n  Babel  Fixed the snapshot assertion — all tests pass.",
  "composite:failed-tool": "  You    run the build\n\n  ✗ Running npm run build (exit 1)\n\n  Babel  The build failed on the typecheck step.",
  "transcript:answer-tool-answer": "  Babel  Here is the plan:\n         \n         1. Add cells\n         2. Add snapshots\n\n  ✓ Reading src/ui/historyCells/index.ts (2.1 KB)\n\n  Babel  Cells are wired and tested.",
  "transcript:parallel-tools": "  ✓ Reading a.ts (1 KB)\n\n  ✓ Searching HistoryCell (4 matches)",
  "transcript:aborted": "  ✗ Running npm test",
  "width:user-long:w40": "  You    Please audit the entire babel-cli\n         package for streaming regressions\n         and report gaps.",
  "width:assistant-code:w40": "  Babel  const transcript = new\n         HistoryTranscript();\n         transcript.beginTurn();",
  "width:user-long:w60": "  You    Please audit the entire babel-cli package for\n         streaming regressions and report gaps.",
  "width:assistant-code:w60": "  Babel  const transcript = new HistoryTranscript();\n         transcript.beginTurn();",
  "width:user-long:w120": "  You    Please audit the entire babel-cli package for streaming regressions and report gaps.",
  "width:assistant-code:w120": "  Babel  const transcript = new HistoryTranscript();\n         transcript.beginTurn();"
}
